Waldir@DESKTOP-G467TN7 MINGW64 ~
$ git --version
git version 2.36.1.windows.1

Waldir@DESKTOP-G467TN7 MINGW64 ~
$ git config --global user.name "Waldir Azañero"

Waldir@DESKTOP-G467TN7 MINGW64 ~
$ git config --global user.email "2014101343@gmail.com"

Waldir@DESKTOP-G467TN7 MINGW64 ~
$ git config --global color.ui true

Waldir@DESKTOP-G467TN7 MINGW64 ~
$ git config --global -l
user.name=Waldir Azañero
user.email=2014101343@gmail.com
color.ui=true

Waldir@DESKTOP-G467TN7 MINGW64 ~
$ mkdir Ejercicio_Examen

Waldir@DESKTOP-G467TN7 MINGW64 ~
$ cd Ejercicio_Examen

Waldir@DESKTOP-G467TN7 MINGW64 ~/Ejercicio_Examen
$ cd ..

Waldir@DESKTOP-G467TN7 MINGW64 ~
$ cd Ejercicio_Examen

Waldir@DESKTOP-G467TN7 MINGW64 ~/Ejercicio_Examen
$ git init
Initialized empty Git repository in C:/Users/Waldir/Ejercicio_Examen/.git/

Waldir@DESKTOP-G467TN7 MINGW64 ~/Ejercicio_Examen (master)
$ touch login.jsp index.jsp valida.txt

Waldir@DESKTOP-G467TN7 MINGW64 ~/Ejercicio_Examen (master)
$ ls
index.jsp  login.jsp  valida.txt

Waldir@DESKTOP-G467TN7 MINGW64 ~/Ejercicio_Examen (master)
$ git status
hint: core.useBuiltinFSMonitor=true is deprecated;please set core.fsmonitor=true
 instead
hint: Disable this message with "git config advice.useCoreFSMonitorConfig false"
On branch master

No commits yet

Untracked files:
  (use "git add <file>..." to include in what will be committed)
        index.jsp
        login.jsp
        valida.txt

nothing added to commit but untracked files present (use "git add" to track)

Waldir@DESKTOP-G467TN7 MINGW64 ~/Ejercicio_Examen (master)
$ git add -A
hint: core.useBuiltinFSMonitor=true is deprecated;please set core.fsmonitor=true
 instead
hint: Disable this message with "git config advice.useCoreFSMonitorConfig false"

Waldir@DESKTOP-G467TN7 MINGW64 ~/Ejercicio_Examen (master)
$ git status
hint: core.useBuiltinFSMonitor=true is deprecated;please set core.fsmonitor=true
 instead
hint: Disable this message with "git config advice.useCoreFSMonitorConfig false"
On branch master

No commits yet

Changes to be committed:
  (use "git rm --cached <file>..." to unstage)
        new file:   index.jsp
        new file:   login.jsp
        new file:   valida.txt


Waldir@DESKTOP-G467TN7 MINGW64 ~/Ejercicio_Examen (master)
info: please complete authentication in your browser...
